Legend (colour is only decoration: the words are always printed)
 [34m✓ ok[0m     checked and fine
 [1;31m✗ FAIL[0m   checked and wrong
 [35m? unverified[0m  not verified: nothing measured it
 [33m▲ WARN[0m   works, weaker than recommended
 [2m– skip[0m   left out, or not offered
[1;33m▌ ACTION[0m  something you must do or answer
[1;33m▌[0m   [36m$ a command you can copy[0m

[1m── Step 2 of 14 ─ standard user "workharbor" ──[0m
 [1;31m✗ FAIL[0m   there is no user workharbor
[1;33m▌ ACTION[0m  create the account
[1;33m▌[0m   [36m$ sudo sysadminctl -addUser workharbor -fullName WorkHarbor -password -[0m
    [2mtool output:[0m
    [2m│ 2026-10-06 10:00:00.1 sysadminctl[1:2] Creating user record[0m
────────────────────────────────────────────────────────────

[1m── Step 3 of 14 ─ no automatic log-out ──[0m
 [34m✓ ok[0m     key not set: the system default applies (default off)
 [35m? unverified[0m  tailscale did not answer
 [33m▲ WARN[0m   weaker than recommended
 [2m– skip[0m   left out
[1;33m▌ ACTION[0m  Ready to create the account? [Y/n/q] 
Summary: 1 ok, 1 FAIL, 1 not verified (?), 1 WARN, 1 skipped

[1mWhat you need to do now[0m
  1. create the account
     [36m$ sudo sysadminctl -addUser workharbor[0m
  2. log in as workharbor and run whr setup
