HTTP OK (200)
{
  "schema_version": 1,
  "ok": true,
  "data": {
    "id": "t2",
    "repo": "wstein/workharbor",
    "issue": "#2",
    "state": "awaiting_guidance",
    "agent_id": "a1",
    "created_at": "2026-10-01T09:00:00Z",
    "runs": [
      {
        "id": "r1",
        "agent_id": "a1",
        "env_id": "e1",
        "state": "running",
        "session_id": "sess-1"
      }
    ],
    "open_decisions": [
      {
        "id": "d1",
        "task_id": "t2",
        "run_id": "r1",
        "kind": "question",
        "blocking": true,
        "subject": "Which file?",
        "input": "a.go\nb.go",
        "options": [
          "a",
          "b"
        ],
        "status": "open"
      }
    ],
    "candidate": {
      "branch": "agent/docs",
      "sha": "abc123",
      "ci": "pending",
      "pushed": false,
      "files": 3,
      "added": 40,
      "removed": 7
    },
    "usage_line": "usage: five-hour 42%; 3 turns, 43.8k in, 194 out; $0.0058 reported, notional (subscription)"
  }
}

