Legend (colour is only decoration: the words are always printed)
 + ok     checked and fine
 x FAIL   checked and wrong
 ? unverified  not verified: nothing measured it
 ! WARN   works, weaker than recommended
 - skip   left out, or not offered
| ACTION  something you must do or answer
|   $ a command you can copy
preflight: tools found: sudo; missing: brew, container. State: a new run. Next:
           check 4 steps and change nothing (dry run).

-- Step 1 of 4 - title of autologout --
 + ok     key not set: the system default applies (default off)

-- Step 2 of 4 - title of workharbor-user --
 x FAIL   there is no user workharbor
| ACTION  run this command
|   $ sudo sysadminctl -addUser workharbor -fullName WorkHarbor -password -
| ACTION  what happens next: Then log in as workharbor and run `whr setup`.
 - skip   dry run: nothing is run

-- Step 3 of 4 - title of tailscale --
 ? unverified  tailscale did not answer
 ? unverified  whr has no fix for this step

-- Step 4 of 4 - title of power --
 x FAIL   sleep is on
| ACTION  Open System Settings and turn the toggle off.
| ACTION  this opens:
          x-apple.systempreferences:x
 - skip   dry run: nothing is run
------------------------------------------------------------
Summary: 1 ok, 2 need action, 1 not verified (dry run: nothing was changed)
  next: whr setup host --from workharbor-user

What you need to do now
  1. title of workharbor-user
     $ sudo sysadminctl -addUser workharbor -fullName WorkHarbor -password -
     Then log in as workharbor and run `whr setup`.
  2. title of tailscale: whr has no fix for this step; see the manual
  3. title of power: Open System Settings and turn the toggle off.
